// Jest Snapshot v1, https://goo.gl/fbAQLP

exports[`Home should render the view correctly 1`] = `
<div>
  <h1>
    This be a home page
  </h1>
</div>
`;
