// Jest Snapshot v1, https://goo.gl/fbAQLP

exports[`Login should render the view correctly 1`] = `
<div
  class="content"
>
  <p>
    
  this be a login page
  
  </p>
   
  <!---->
</div>
`;
