// Jest Snapshot v1, https://goo.gl/fbAQLP

exports[`LoginForm should render the LoginForm correctly 1`] = `
<form>
  <div
    class="field"
  >
    <label
      class="label"
      for="username"
    >
      Username
    </label>
     
    <div
      class="control has-icons-left has-icons-right"
    >
      <input
        class="input"
        id="username"
        placeholder="username"
        type="text"
      />
       
      <span
        class="icon is-small is-left"
      >
        <i
          class="fas fa-user"
        />
      </span>
       
      <!---->
    </div>
     
    <p
      class="help is-success"
      style="display: none;"
    >
      This username is available
    </p>
  </div>
   
  <div
    class="field"
  >
    <label
      class="label"
      for="password"
    >
      Password
    </label>
     
    <div
      class="control"
    >
      <input
        class="input"
        id="password"
        placeholder="password"
        type="password"
      />
    </div>
  </div>
   
  <div
    class="field is-grouped"
  >
    <div
      class="control"
    >
      <button
        class="button is-link"
      >
        
        Submit
      
      </button>
    </div>
     
    <div
      class="control"
    >
      <button
        class="button is-text"
      >
        Cancel
      </button>
    </div>
  </div>
</form>
`;
